// Jest Snapshot v1, https://goo.gl/fbAQLP

exports[`parse 1`] = `[SyntaxError: Invalid Picapica URN: foo]`;

exports[`parse 2`] = `[SyntaxError: Invalid Picapica URN: urn:foo:something]`;

exports[`parse 3`] = `[SyntaxError: Invalid Picapica URN: urn:picapica:foo]`;

exports[`parse 4`] = `[SyntaxError: Invalid Picapica item URN: urn:picapica:item:324]`;

exports[`parse 5`] = `
{
  "collectionId": "dewiki",
  "type": "collection",
}
`;

exports[`parse 6`] = `
{
  "collectionId": "dewiki",
  "type": "collection",
}
`;

exports[`parse 7`] = `
{
  "collectionId": "dewiki",
  "documentId": "e1bd8a08-64e3-4eed-a70d-5e435a88e707",
  "type": "document",
}
`;

exports[`parse 8`] = `
{
  "sessionId": "f2270a54-88d6-4572-9b9c-9b60bfb43de3",
  "type": "session",
}
`;

exports[`parse 9`] = `
{
  "itemId": "a1244e8526a71095fe21825f073afe2a34f997e53874cd6986bdc049e218aced",
  "sessionId": "f2270a54-88d6-4572-9b9c-9b60bfb43de3",
  "type": "item",
}
`;

exports[`parse 10`] = `
{
  "resultId": "a1244e8526a71095fe21825f073afe2a34f997e53874cd6986bdc049e218aced",
  "sessionId": "f2270a54-88d6-4572-9b9c-9b60bfb43de3",
  "type": "result",
}
`;

exports[`parse 11`] = `
{
  "type": "none",
}
`;
